[www.jo.zain.com/english/PublishingImages/Zain-Logo-Solid-silver.png]
[backblue.gif]
[fade.gif]
[index.html]
[www.jo.zain.com/_layouts/15/1025/styles/Themable/corev157630.css]
[www.jo.zain.com/Style Library/ar-SA/CSS/slick.css]
[www.jo.zain.com/Style Library/ar-SA/CSS/slick-theme.css]
[www.jo.zain.com/Style Library/ar-SA/CSS/jquery.openCarousel.css]
[www.jo.zain.com/Style Library/ar-SA/CSS/font-awesome.min.css]
[www.jo.zain.com/Style Library/ar-SA/CSS/prestyle.css]
[www.jo.zain.com/Style Library/ar-SA/CSS/style.css]
[www.jo.zain.com/Style Library/ar-SA/CSS/custom.css]
[www.jo.zain.com/Style Library/ar-SA/CSS/poststyle.css]
[www.jo.zain.com/Style Library/ar-SA/CSS/W3C.css]
[www.jo.zain.com/_layouts/15/1025/initstringse39e.js]
[www.jo.zain.com/_layouts/15/init9c56.js]
[www.jo.zain.com/_layouts/15/blankcb71.js]
[www.jo.zain.com/Style Library/en-us/Images/assets/logos/zainLogo.png]
[www.jo.zain.com/Style Library/en-us/JS/jquery.min.js]
[www.jo.zain.com/Style Library/en-us/JS/bootstrap.min.js]
[www.jo.zain.com/Style Library/en-us/JS/slick.min.js]
[www.jo.zain.com/Style Library/en-us/Images/assets/images/flags/426.png]
[www.jo.zain.com/Style Library/en-us/Images/assets/images/flags/418.png]
[www.jo.zain.com/Style Library/en-us/Images/assets/images/flags/415.png]
[www.jo.zain.com/Style Library/en-us/Images/assets/images/flags/419.png]
[www.jo.zain.com/Style Library/en-us/Images/assets/images/flags/604.png]
[www.jo.zain.com/Style Library/en-us/Images/assets/images/flags/420.png]
[www.jo.zain.com/Style Library/en-us/Images/assets/images/flags/634.png]
[www.jo.zain.com/Style Library/en-us/Images/assets/images/flags/659.png]
[www.jo.zain.com/Style Library/en-us/Images/assets/images/header/hearing.png]
[www.jo.zain.com/Style Library/en-us/Images/assets/images/header/locator.png]
[www.jo.zain.com/Style Library/en-us/Images/assets/logos/zainSilverLogo.png]
[www.jo.zain.com/english/PublishingImages/MegaMenuAds/iWatch.png]
[www.jo.zain.com/arabic/PublishingImages/Mobile.png.png]
[www.jo.zain.com/english/PublishingImages/MegaMenuAds/Routers.png]
[www.jo.zain.com/Style Library/en-us/Images/assets/images/header/login.png]
[www.jo.zain.com/Style Library/en-us/Images/assets/images/header/Search.png]
[www.jo.zain.com/Style Library/en-us/Images/assets/images/header/menu-black-icons/locator.png]
[www.jo.zain.com/Style Library/en-us/Images/assets/images/your-opinion-ar.png]
[www.jo.zain.com/Style Library/en-us/Images/assets/images/your-opinion-ar-m.png]
[www.jo.zain.com/arabic/HomePageSlider/Rum A.jpg]
[www.jo.zain.com/arabic/HomePageSlider/5GA.jpg]
[www.jo.zain.com/arabic/HomePageSlider/TECNO _wesbsite - 1400x620 - AR.jpg]
[www.jo.zain.com/arabic/HomePageSlider/XA.jpg]
[www.jo.zain.com/arabic/HomePageSlider/FTTH-Web-1400x620.jpg]
[www.jo.zain.com/arabic/HomePageSlider/Website 1400x620 AR@4x-100.jpg]
[www.jo.zain.com/arabic/HomePageSliderMobile/Rum AM.jpg]
[www.jo.zain.com/arabic/HomePageSliderMobile/5GAM.jpg]
[www.jo.zain.com/arabic/HomePageSliderMobile/TECNO _wesbsite - 406x480 - AR.jpg]
[www.jo.zain.com/arabic/HomePageSliderMobile/XAM.jpg]
[www.jo.zain.com/arabic/HomePageSliderMobile/FTTH-Web-406x480.jpg]
[www.jo.zain.com/arabic/HomePageSliderMobile/Website 406x480 AR@4x-100.jpg]
[www.jo.zain.com/Style Library/en-us/Images/assets/images/noun_cart.png]
[cdn-eshop.jo.zain.com/images/thumbs/0009686_samsung-galaxy-m53-5g.jpg]
[www.jo.zain.com/Style Library/en-us/Images/assets/images/social/facebook.png]
[www.jo.zain.com/Style Library/en-us/Images/assets/images/social/youtube.png]
[www.jo.zain.com/Style Library/en-us/Images/assets/images/social/twitter.png]
[www.jo.zain.com/Style Library/en-us/Images/assets/images/social/linkedin.png]
[www.jo.zain.com/Style Library/en-us/Images/assets/images/social/pinterest.png]
[www.jo.zain.com/Style Library/en-us/Images/assets/images/social/instagram.png]
[www.jo.zain.com/Style Library/en-us/Images/assets/images/social/google-plus1.png]
[www.jo.zain.com/Style Library/en-us/Images/assets/images/social/rss.png]
[www.jo.zain.com/Style Library/en-us/Images/assets/images/social/Download_on_the_App_Store_Badge.png]
[www.jo.zain.com/Style Library/en-us/Images/assets/images/social/google-play-badge.png]
[www.jo.zain.com/english/PublishingImages/appGallery.png]
[www.jo.zain.com/Style Library/en-us/Images/assets/logos/zain.png]
[www.jo.zain.com/Style Library/en-us/Images/assets/images/chat.png]
[www.jo.zain.com/Style Library/en-us/Images/assets/logos/ZainLogoBlack.png]
[www.jo.zain.com/Style Library/en-us/JS/jquery.lazy.min.js]
[www.jo.zain.com/Style Library/en-us/JS/popper.min.js]
[www.jo.zain.com/Style Library/en-us/JS/ua-parser.min.js]
[www.jo.zain.com/Style Library/en-us/JS/main2f3e.js]
[www.jo.zain.com/Style Library/en-us/JS/mapsf0fa.js]
[www.jo.zain.com/Style Library/en-us/JS/index.js]
[www.jo.zain.com/Style Library/en-us/JS/megaMenu.js]
[www.jo.zain.com/Style Library/en-us/JS/primaryCard.js]
[www.jo.zain.com/Style Library/en-us/JS/subscriptions.js]
[www.jo.zain.com/Style Library/en-us/JS/header.js]
[www.jo.zain.com/Style Library/en-us/JS/scroll.js]
[www.jo.zain.com/arabic/pages/default.html]
[zain-jordan.dimelochat.com/chat/4dca57fc1167d37414e9c1df/loader.js]
[www.jo.zain.com/_layouts/15/images/spcommoncb0b.png]
[www.jo.zain.com/_layouts/15/images/tabtitlerowbottombgcb0b.png]
[www.jo.zain.com/_layouts/15/images/selbgcb0b.png]
[www.jo.zain.com/_layouts/15/images/wpadder_graygrad.png]
[www.jo.zain.com/_layouts/15/images/treeviewselected.png]
[www.jo.zain.com/_layouts/15/images/fbgradcb0b.png]
[www.jo.zain.com/_layouts/15/images/create_upgradientcb0b.png]
[www.jo.zain.com/_layouts/15/images/fgimgcb0b.png]
[www.jo.zain.com/_layouts/15/images/create_defaultgradientcb0b.png]
[www.jo.zain.com/_layouts/15/images/dotcb0b.gif]
[www.jo.zain.com/_layouts/15/images/topnavunselectedcb0b.gif]
[www.jo.zain.com/_layouts/15/images/wptphdrcb0b.png]
[www.jo.zain.com/_layouts/15/images/menubuttonhovercb0b.gif]
[www.jo.zain.com/_layouts/15/images/listheadergradcb0b.gif]
[www.jo.zain.com/_layouts/15/images/pageTitleBKGDcb0b.gif]
[www.jo.zain.com/_layouts/15/images/cnsugrdncb0b.gif]
[www.jo.zain.com/_layouts/15/images/menu-downcb0b.gif]
[www.jo.zain.com/_layouts/15/images/menu-leftcb0b.gif]
[www.jo.zain.com/_layouts/15/images/rmgrad16cb0b.png]
[www.jo.zain.com/_layouts/15/images/rmgrad16rtlcb0b.png]
[www.jo.zain.com/_layouts/15/1025/images/spintl.png]
[www.jo.zain.com/_layouts/15/images/UserSquigglecb0b.png]
[www.jo.zain.com/_layouts/15/1025/styles/Themable/corev157630.css]
[www.jo.zain.com/Style Library/ar-SA/CSS/slick.css]
[www.jo.zain.com/Style Library/ar-SA/CSS/ajax-loader.gif]
[www.jo.zain.com/Style Library/ar-SA/CSS/fonts/slick.woff]
[www.jo.zain.com/Style Library/ar-SA/CSS/fonts/slick.ttf]
[www.jo.zain.com/Style Library/ar-SA/CSS/slick-theme.css]
[www.jo.zain.com/Style Library/ar-SA/CSS/jquery.openCarousel.css]
[www.jo.zain.com/Style Library/ar-SA/CSS/font-awesome.min.css]
[www.jo.zain.com/Style Library/ar-SA/CSS/prestyle.css]
[www.jo.zain.com/Style Library/en-us/Images/assets/images/social/123.png]
[www.jo.zain.com/Style Library/en-us/Images/assets/images/DarakPic.png]
[www.jo.zain.com/Style Library/en-us/Images/assets/images/LoginBackground.png]
[www.jo.zain.com/Style Library/en-us/Images/assets/images/AboutUs/Zain-clinic.jpg]
[www.jo.zain.com/Style Library/en-us/Images/assets/images/AboutUs/Fiber-2018-EN.jpg]
[www.jo.zain.com/Style Library/en-us/Images/assets/images/AboutUs/ZainAlMubadara3.jpg]
[www.jo.zain.com/Style Library/en-us/Images/assets/images/AboutUs/CER-Events.jpg]
[www.jo.zain.com/Style Library/en-us/Images/assets/images/AboutUs/private-AR.jpg]
[www.jo.zain.com/Style Library/ar-SA/CSS/style.css]
[www.jo.zain.com/Style Library/ar-SA/CSS/custom.css]
[www.jo.zain.com/Style Library/ar-SA/CSS/poststyle.css]
[www.jo.zain.com/Style Library/ar-SA/CSS/W3C.css]
[www.jo.zain.com/arabic/pages/require.html]
[www.jo.zain.com/arabic/pages/strings.html]
[www.jo.zain.com/arabic/pages/sp.runtime.html]
[www.jo.zain.com/arabic/pages/sp.html]
[www.jo.zain.com/arabic/pages/sp.ui.dialog.html]
[www.jo.zain.com/arabic/pages/sp.init.html]
[www.jo.zain.com/arabic/pages/core.html]
[www.jo.zain.com/arabic/pages/menu.html]
[www.jo.zain.com/arabic/pages/mQuery.html]
[www.jo.zain.com/arabic/pages/callout.html]
[www.jo.zain.com/arabic/pages/sp.core.html]
[www.jo.zain.com/arabic/pages/sharedhovercard.strings.html]
[www.jo.zain.com/arabic/pages/sharedhovercard.html]
[www.jo.zain.com/arabic/pages/clienttemplates.html]
[www.jo.zain.com/arabic/pages/sharing.html]
[www.jo.zain.com/arabic/pages/suitelinks.html]
[www.jo.zain.com/arabic/pages/followingcommon.html]
[www.jo.zain.com/arabic/pages/sp.ui.mysitecommon.html]
[www.jo.zain.com/arabic/pages/FindUs.html]
[www.jo.zain.com/arabic/Pages/GoSubscriptions.html]
[www.jo.zain.com/arabic/Pages/Subscriptions.html]
[www.jo.zain.com/arabic/Pages/visitors.html]
[www.jo.zain.com/arabic/Pages/NonSubscriptions.html]
[www.jo.zain.com/arabic/Pages/RoamingAndInternational336f.html]
